c:\users\18727\desktop\c\qt_qq\qtqq\qtqq\x64\debug\vc143.pdb
c:\users\18727\desktop\c\qt_qq\qtqq\qtqq\x64\debug\vc143.idb
c:\users\18727\desktop\c\qt_qq\qtqq\qtqq\x64\debug\qrc_ccmainwindow.obj
c:\users\18727\desktop\c\qt_qq\qtqq\qtqq\x64\debug\msgwebview.obj
c:\users\18727\desktop\c\qt_qq\qtqq\qtqq\x64\debug\qmsgtextedit.obj
c:\users\18727\desktop\c\qt_qq\qtqq\qtqq\x64\debug\qclicklabel.obj
c:\users\18727\desktop\c\qt_qq\qtqq\qtqq\x64\debug\talkwindow.obj
c:\users\18727\desktop\c\qt_qq\qtqq\qtqq\x64\debug\custommenu.obj
c:\users\18727\desktop\c\qt_qq\qtqq\qtqq\x64\debug\contactitem.obj
c:\users\18727\desktop\c\qt_qq\qtqq\qtqq\x64\debug\main.obj
c:\users\18727\desktop\c\qt_qq\qtqq\qtqq\x64\debug\systray.obj
c:\users\18727\desktop\c\qt_qq\qtqq\qtqq\x64\debug\windowmanager.obj
c:\users\18727\desktop\c\qt_qq\qtqq\qtqq\x64\debug\commonutils.obj
c:\users\18727\desktop\c\qt_qq\qtqq\qtqq\x64\debug\notifymanager.obj
c:\users\18727\desktop\c\qt_qq\qtqq\qtqq\x64\debug\titlebar.obj
c:\users\18727\desktop\c\qt_qq\qtqq\qtqq\x64\debug\talkwindowitem.obj
c:\users\18727\desktop\c\qt_qq\qtqq\qtqq\x64\debug\skinwindow.obj
c:\users\18727\desktop\c\qt_qq\qtqq\qtqq\x64\debug\rootcontactitem.obj
c:\users\18727\desktop\c\qt_qq\qtqq\qtqq\x64\debug\ccmainwindow.obj
c:\users\18727\desktop\c\qt_qq\qtqq\qtqq\x64\debug\emotionwindow.obj
c:\users\18727\desktop\c\qt_qq\qtqq\qtqq\x64\debug\basicwindow.obj
c:\users\18727\desktop\c\qt_qq\qtqq\qtqq\x64\debug\talkwindowshell.obj
c:\users\18727\desktop\c\qt_qq\qtqq\qtqq\x64\debug\emotionlabelitem.obj
c:\users\18727\desktop\c\qt_qq\qtqq\qtqq\x64\debug\userlogin.obj
c:\users\18727\desktop\c\qt_qq\qtqq\qtqq\x64\debug\moc_talkwindowitem.obj
c:\users\18727\desktop\c\qt_qq\qtqq\qtqq\x64\debug\moc_emotionlabelitem.obj
c:\users\18727\desktop\c\qt_qq\qtqq\qtqq\x64\debug\moc_rootcontactitem.obj
c:\users\18727\desktop\c\qt_qq\qtqq\qtqq\x64\debug\moc_emotionwindow.obj
c:\users\18727\desktop\c\qt_qq\qtqq\qtqq\x64\debug\moc_basicwindow.obj
c:\users\18727\desktop\c\qt_qq\qtqq\qtqq\x64\debug\moc_userlogin.obj
c:\users\18727\desktop\c\qt_qq\qtqq\qtqq\x64\debug\moc_windowmanager.obj
c:\users\18727\desktop\c\qt_qq\qtqq\qtqq\x64\debug\moc_talkwindow.obj
c:\users\18727\desktop\c\qt_qq\qtqq\qtqq\x64\debug\moc_msgwebview.obj
c:\users\18727\desktop\c\qt_qq\qtqq\qtqq\x64\debug\moc_talkwindowshell.obj
c:\users\18727\desktop\c\qt_qq\qtqq\qtqq\x64\debug\moc_contactitem.obj
c:\users\18727\desktop\c\qt_qq\qtqq\qtqq\x64\debug\moc_titlebar.obj
c:\users\18727\desktop\c\qt_qq\qtqq\qtqq\x64\debug\moc_skinwindow.obj
c:\users\18727\desktop\c\qt_qq\qtqq\qtqq\x64\debug\moc_systray.obj
c:\users\18727\desktop\c\qt_qq\qtqq\qtqq\x64\debug\moc_qmsgtextedit.obj
c:\users\18727\desktop\c\qt_qq\qtqq\qtqq\x64\debug\moc_custommenu.obj
c:\users\18727\desktop\c\qt_qq\qtqq\qtqq\x64\debug\moc_notifymanager.obj
c:\users\18727\desktop\c\qt_qq\qtqq\qtqq\x64\debug\moc_qclicklabel.obj
c:\users\18727\desktop\c\qt_qq\qtqq\qtqq\x64\debug\moc_ccmainwindow.obj
c:\users\18727\desktop\c\qt_qq\qtqq\qtqq\x64\debug\qt\moc\moc_ccmainwindow.cpp
c:\users\18727\desktop\c\qt_qq\qtqq\qtqq\x64\debug\qt\moc\moc_titlebar.cpp
c:\users\18727\desktop\c\qt_qq\qtqq\qtqq\x64\debug\qt\moc\moc_basicwindow.cpp
c:\users\18727\desktop\c\qt_qq\qtqq\qtqq\x64\debug\qt\moc\moc_notifymanager.cpp
c:\users\18727\desktop\c\qt_qq\qtqq\qtqq\x64\debug\qt\moc\moc_msgwebview.cpp
c:\users\18727\desktop\c\qt_qq\qtqq\qtqq\x64\debug\qt\moc\moc_qmsgtextedit.cpp
c:\users\18727\desktop\c\qt_qq\qtqq\qtqq\x64\debug\qt\moc\moc_windowmanager.cpp
c:\users\18727\desktop\c\qt_qq\qtqq\qtqq\x64\debug\qt\moc\moc_talkwindow.cpp
c:\users\18727\desktop\c\qt_qq\qtqq\qtqq\x64\debug\qt\moc\moc_talkwindowitem.cpp
c:\users\18727\desktop\c\qt_qq\qtqq\qtqq\x64\debug\qt\moc\moc_emotionlabelitem.cpp
c:\users\18727\desktop\c\qt_qq\qtqq\qtqq\x64\debug\qt\moc\moc_emotionwindow.cpp
c:\users\18727\desktop\c\qt_qq\qtqq\qtqq\x64\debug\qt\moc\moc_talkwindowshell.cpp
c:\users\18727\desktop\c\qt_qq\qtqq\qtqq\x64\debug\qt\moc\moc_rootcontactitem.cpp
c:\users\18727\desktop\c\qt_qq\qtqq\qtqq\x64\debug\qt\moc\moc_contactitem.cpp
c:\users\18727\desktop\c\qt_qq\qtqq\qtqq\x64\debug\qt\moc\moc_custommenu.cpp
c:\users\18727\desktop\c\qt_qq\qtqq\qtqq\x64\debug\qt\moc\moc_systray.cpp
c:\users\18727\desktop\c\qt_qq\qtqq\qtqq\x64\debug\qt\moc\moc_qclicklabel.cpp
c:\users\18727\desktop\c\qt_qq\qtqq\qtqq\x64\debug\qt\moc\moc_skinwindow.cpp
c:\users\18727\desktop\c\qt_qq\qtqq\qtqq\x64\debug\qt\moc\moc_userlogin.cpp
c:\users\18727\desktop\c\qt_qq\qtqq\qtqq\x64\debug\qt\uic\ui_ccmainwindow.h
c:\users\18727\desktop\c\qt_qq\qtqq\qtqq\x64\debug\qt\uic\ui_contactitem.h
c:\users\18727\desktop\c\qt_qq\qtqq\qtqq\x64\debug\qt\uic\ui_emotionwindow.h
c:\users\18727\desktop\c\qt_qq\qtqq\qtqq\x64\debug\qt\uic\ui_skinwindow.h
c:\users\18727\desktop\c\qt_qq\qtqq\qtqq\x64\debug\qt\uic\ui_talkwindow.h
c:\users\18727\desktop\c\qt_qq\qtqq\qtqq\x64\debug\qt\uic\ui_talkwindowitem.h
c:\users\18727\desktop\c\qt_qq\qtqq\qtqq\x64\debug\qt\uic\ui_talkwindowshell.h
c:\users\18727\desktop\c\qt_qq\qtqq\qtqq\x64\debug\qt\uic\ui_userlogin.h
c:\users\18727\desktop\c\qt_qq\qtqq\qtqq\x64\debug\qt\rcc\qrc_ccmainwindow.cpp
c:\users\18727\desktop\c\qt_qq\qtqq\x64\debug\qtqq.exe
c:\users\18727\desktop\c\qt_qq\qtqq\qtqq\x64\debug\qtqq.tlog\cl.command.1.tlog
c:\users\18727\desktop\c\qt_qq\qtqq\qtqq\x64\debug\qtqq.tlog\cl.read.1.tlog
c:\users\18727\desktop\c\qt_qq\qtqq\qtqq\x64\debug\qtqq.tlog\cl.write.1.tlog
c:\users\18727\desktop\c\qt_qq\qtqq\qtqq\x64\debug\qtqq.tlog\link.command.1.tlog
c:\users\18727\desktop\c\qt_qq\qtqq\qtqq\x64\debug\qtqq.tlog\link.read.1.tlog
c:\users\18727\desktop\c\qt_qq\qtqq\qtqq\x64\debug\qtqq.tlog\link.write.1.tlog
c:\users\18727\desktop\c\qt_qq\qtqq\qtqq\x64\debug\qtqq.tlog\moc.read.1u.tlog
c:\users\18727\desktop\c\qt_qq\qtqq\qtqq\x64\debug\qtqq.tlog\moc.write.1u.tlog
c:\users\18727\desktop\c\qt_qq\qtqq\qtqq\x64\debug\qtqq.tlog\qtqq.write.1u.tlog
c:\users\18727\desktop\c\qt_qq\qtqq\qtqq\x64\debug\qtqq.tlog\rcc.read.1u.tlog
c:\users\18727\desktop\c\qt_qq\qtqq\qtqq\x64\debug\qtqq.tlog\rcc.write.1u.tlog
c:\users\18727\desktop\c\qt_qq\qtqq\qtqq\x64\debug\qtqq.tlog\uic.read.1u.tlog
c:\users\18727\desktop\c\qt_qq\qtqq\qtqq\x64\debug\qtqq.tlog\uic.write.1u.tlog
